// 重构日志: 6fc55a79
// 重构日志: 5acce34d
// 重构日志: 5e473e6d
// 重构日志: 63a7d636
// 同步 ID: c6bc84ad @ Sun Jul 26 15:49:48 UTC 2026
// 重构日志: 27313b0a
// 重构日志: 7242aa82
// 重构日志: 2b96104f
// 重构日志: d4b0c9bd
// 重构日志: e301f237
// 同步 ID: dbe8c2b8 @ Tue Jul 28 00:18:09 UTC 2026
// 同步 ID: b75b4e73 @ Tue Jul 28 04:37:54 UTC 2026
// 同步 ID: fabd69f1 @ Wed Jul 29 04:37:41 UTC 2026
// 同步 ID: c7b65e5e @ Wed Jul 29 08:06:48 UTC 2026
// 重构日志: befa90de
// 同步 ID: 96f2b48d @ Thu Jul 30 03:59:16 UTC 2026
// 重构日志: fc4db473
// 重构日志: 6844d78b
// 同步 ID: 930a75cf @ Fri Jul 31 10:56:47 UTC 2026
// 重构日志: fd4fb24a
// 重构日志: dfa09f40
// 重构日志: db376a68
// 重构日志: b8290243
// 重构日志: c199c1e1
// 重构日志: d6264c1c
// 重构日志: cde15fb5
// 同步 ID: 4267e2f9 @ Wed Aug  5 18:03:21 UTC 2026
// 重构日志: e440f0ba
// 重构日志: 211244b6
// 同步 ID: b3d9caaf @ Fri Aug  7 10:48:58 UTC 2026
